Microchip MPLAB XC8 Compiler V2.45

Linker command line:

-W-3 \
  --edf=C:/Users/kalfa/.mchp_packs/Microchip/PIC18Fxxxx_DFP/1.6.159/xc8\pic\dat\20231017163449_en.msgs \
  -cn -h+dist/default/debug\Capstone.X.debug.sym \
  --cmf=dist/default/debug\Capstone.X.debug.cmf -z -Q18F2221 \
  -oC:\Users\kalfa\AppData\Local\Temp\xcAs1bmo.\driver_tmp_3.o \
  --defsym=__MPLAB_BUILD=1 --fixupoverflow=error \
  -Mdist/default/debug/Capstone.X.debug.map \
  --md=C:\Users\kalfa\AppData\Local\Temp\xcAs1bmo.\driver_tmp_0.dat -E1 \
  -ver=XC8 Compiler --acfsm=1493 -ACODE=00h-0DBFh -ACONST=00h-0DBFh \
  -ASMALLCONST=0200h-02FFhx11,0D00h-0DBFh -AMEDIUMCONST=0200h-0DBFh \
  -ACOMRAM=01h-07Fh -AABS1=00h-01F3h -ABIGRAM=01h-01F3h \
  -ARAM=080h-0FFh,0100h-01F3h -ABANK0=080h-0FFh -ABANK1=0100h-01F3h \
  -ASFR=0F80h-0F9Bh,0F9Dh-0FD3h,0FD5h-0FDAh,0FE0h-0FE2h,0FE8h-0FEAh,0FF0h-0FFCh \
  -ABIGSFR=0F80h-0F9Bh,0F9Dh-0FD3h,0FD5h-0FDAh,0FE0h-0FE2h,0FE8h-0FEAh,0FF0h-0FFCh \
  -ACONFIG=0300000h-030000Dh -AIDLOC=0200000h-0200007h \
  -AEEDATA=0F00000h-0F000FFh -peeprom_data=EEDATA \
  -preset_vec=00h,intcode=08h,intcodelo,powerup,init -pramtop=0200h \
  -psmallconst=SMALLCONST -pmediumconst=MEDIUMCONST -pconst=CONST \
  -AFARRAM=00h-00h \
  -prdata=COMRAM,nvrram=COMRAM,nvbit=COMRAM,rbss=COMRAM,rbit=COMRAM \
  -pfarbss=FARRAM,fardata=FARRAM,nvFARRAM=FARRAM \
  -pintsave_regs=BIGRAM,bigbss=BIGRAM,bigdata=BIGRAM -pbss=RAM \
  -pidata=CODE,irdata=CODE,ibigdata=CODE,ifardata=CODE -prparam=COMRAM \
  C:\Users\kalfa\AppData\Local\Temp\xcAs1bmo.\driver_tmp_9.o \
  dist/default/debug\Capstone.X.debug.o 

Object code version is 3.11

Machine type is 18F2221



                Name                               Link     Load   Length Selector   Space Scale
C:\Users\kalfa\AppData\Local\Temp\xcAs1bmo.\driver_tmp_9.o
                config                           300000   300000        E        0       4
                init                                 B0       B0        4        4       0
                reset_vec                             0        0        4        0       0
dist/default/debug\Capstone.X.debug.o
                intcode                               8        8       A8        4       0
                config                           300000   300000        E        0       4
                temp                                 49       49        1        1       1
                smallconst                          200      200       4E      100       0
                text16                              32E      32E       DC      127       0
                text14                              80A      80A       34      127       0
                text13                              6FA      6FA       56      127       0
                text12                              40A      40A       CC      127       0
                text11                              89E      89E       12      127       0
                text10                              884      884       1A      127       0
                text9                               8B0      8B0        A      127       0
                text8                               5A0      5A0       9E      127       0
                text7                               750      750       50      127       0
                text6                               69E      69E       5C      127       0
                text5                               7A0      7A0       36      127       0
                text4                               63E      63E       60      127       0
                text3                               7D6      7D6       34      127       0
                text2                               4D6      4D6       CA      127       0
                text1                               83E      83E       2C      127       0
                text0                               24E      24E       E0      127       0
                cstackCOMRAM                          1        1       33        1       1
                bssCOMRAM                            34       34       15        1       1
                cinit                               86A      86A       1A      127       0

TOTAL           Name                               Link     Load   Length     Space
        CLASS   CODE           
                intcode                               8        8       A8         0
                init                                 B0       B0        4         0
                reset_vec                             0        0        4         0
                text16                              32E      32E       DC         0
                text14                              80A      80A       34         0
                text13                              6FA      6FA       56         0
                text12                              40A      40A       CC         0
                text11                              89E      89E       12         0
                text10                              884      884       1A         0
                text9                               8B0      8B0        A         0
                text8                               5A0      5A0       9E         0
                text7                               750      750       50         0
                text6                               69E      69E       5C         0
                text5                               7A0      7A0       36         0
                text4                               63E      63E       60         0
                text3                               7D6      7D6       34         0
                text2                               4D6      4D6       CA         0
                text1                               83E      83E       2C         0
                text0                               24E      24E       E0         0
                cinit                               86A      86A       1A         0

        CLASS   CONST          

        CLASS   SMALLCONST     
                smallconst                          200      200       4E         0

        CLASS   MEDIUMCONST    

        CLASS   COMRAM         
                temp                                 49       49        1         1
                cstackCOMRAM                          1        1       33         1
                bssCOMRAM                            34       34       15         1

        CLASS   ABS1           

        CLASS   BIGRAM         

        CLASS   RAM            

        CLASS   BANK0          

        CLASS   BANK1          

        CLASS   SFR            

        CLASS   BIGSFR         

        CLASS   CONFIG         
                config                           300000   300000        E         4

        CLASS   IDLOC          

        CLASS   EEDATA         

        CLASS   FARRAM         

        CLASS   HEAP           

        CLASS   STACK          



SEGMENTS        Name                           Load    Length   Top    Selector   Space  Class

                reset_vec                      000000  000004  000004         0       0  CODE    
                cstackCOMRAM                   000001  000049  00004A         1       1  COMRAM  
                intcode                        000008  0000AC  0000B4         4       0  CODE    
                smallconst                     000200  00004E  00024E       100       0  SMALLCON
                text0                          00024E  00066C  0008BA       127       0  CODE    


UNUSED ADDRESS RANGES

        Name                Unused          Largest block    Delta
        BANK0            000080-0000FF               80
        BANK1            000100-0001F3               F4
        BIGRAM           00004A-0001F3              1AA
        BIGSFR           000F80-000F9B               1C
                         000F9D-000FD3               37
                         000FD5-000FDA                6
                         000FE0-000FE2                3
                         000FE8-000FEA                3
                         000FF0-000FFC                D
        CODE             000004-000007                4
                         0000B4-0001FF              14C
                         0008BA-000DBF              506
        COMRAM           00004A-00007F               36
        CONST            000004-000007                4
                         0000B4-0001FF              14C
                         0008BA-000DBF              506
        EEDATA           F00000-F000FF              100
        IDLOC            200000-200007                8
        MEDIUMCONST      0008BA-000DBF              506
        RAM              000080-0001F3               80
        SFR              000F80-000F9B               1C
                         000F9D-000FD3               37
                         000FD5-000FDA                6
                         000FE0-000FE2                3
                         000FE8-000FEA                3
                         000FF0-000FFC                D
        SMALLCONST       0008BA-000DBF              100

                                  Symbol Table

?___lmul                    cstackCOMRAM 000012
ISR@current_row             cstackCOMRAM 000011
ISR@is_key_pressed          cstackCOMRAM 000010
_ADCON1bits                 (abs)        000FC1
_INTCON2bits                (abs)        000FF1
_INTCONbits                 (abs)        000FF2
_ISR                        intcode      000008
_LATA                       (abs)        000F89
_OSCCONbits                 (abs)        000FD3
_OSCTUNEbits                (abs)        000F9B
_PIE1bits                   (abs)        000F9D
_PIE2bits                   (abs)        000FA0
_PIR1bits                   (abs)        000F9E
_PIR2bits                   (abs)        000FA1
_PORTB                      (abs)        000F81
_RCONbits                   (abs)        000FD0
_SSPADD                     (abs)        000FC8
_SSPBUF                     (abs)        000FC9
_SSPCON1bits                (abs)        000FC6
_SSPCON2bits                (abs)        000FC5
_SSPSTATbits                (abs)        000FC7
_T0CON                      (abs)        000FD5
_T0CONbits                  (abs)        000FD5
_T1CON                      (abs)        000FCD
_T1CONbits                  (abs)        000FCD
_T3CON                      (abs)        000FB1
_T3CONbits                  (abs)        000FB1
_TMR0H                      (abs)        000FD7
_TMR0L                      (abs)        000FD6
_TMR1H                      (abs)        000FCF
_TMR1L                      (abs)        000FCE
_TMR3H                      (abs)        000FB3
_TMR3L                      (abs)        000FB2
_TRISAbits                  (abs)        000F92
_TRISBbits                  (abs)        000F93
_TRISCbits                  (abs)        000F94
__HRAM                      (abs)        000000
__H__absolute__             __absolute__ 000000
__Habs1                     abs1         000000
__Hbank0                    bank0        000000
__Hbank1                    bank1        000000
__Hbigbss                   bigbss       000000
__Hbigdata                  bigdata      000000
__Hbigram                   bigram       000000
__Hbigsfr                   bigsfr       000000
__Hbss                      bss          000000
__HbssCOMRAM                bssCOMRAM    000000
__Hcinit                    cinit        000000
__Hclrtext                  clrtext      000000
__Hcomram                   comram       000000
__Hconfig                   config       30000E
__Hconst                    const        000000
__HcstackCOMRAM             cstackCOMRAM 000000
__Hdata                     data         000000
__Heeprom_data              eeprom_data  000000
__Hfarbss                   farbss       000000
__Hfardata                  fardata      000000
__Hheap                     heap         000000
__Hibigdata                 ibigdata     000000
__Hidata                    idata        000000
__Hidloc                    idloc        000000
__Hifardata                 ifardata     000000
__Hinit                     init         0000B4
__Hintcode                  intcode      0000B0
__Hintcode_body             intcode_body 000000
__Hintcodelo                intcodelo    0000B0
__Hintentry                 intentry     000000
__Hintret                   intret       000000
__Hintsave_regs             intsave_regs 000000
__Hirdata                   irdata       000000
__Hmediumconst              mediumconst  000000
__HnvFARRAM                 nvFARRAM     000000
__Hnvbit                    nvbit        000000
__Hnvrram                   nvrram       000000
__Hparam                    rparam       000000
__Hpowerup                  powerup      0000B0
__Hram                      ram          000000
__Hramtop                   ramtop       000200
__Hrbit                     rbit         000000
__Hrbss                     rbss         000000
__Hrdata                    rdata        000000
__Hreset_vec                reset_vec    000004
__Hrparam                   rparam       000000
__Hsfr                      sfr          000000
__Hsmallconst               smallconst   00024E
__Hspace_0                  (abs)        0008BA
__Hspace_1                  (abs)        00004A
__Hspace_2                  (abs)        000000
__Hspace_4                  (abs)        60000E
__Hstack                    stack        000000
__Hstruct                   struct       000000
__Htemp                     temp         00004A
__Htext                     text         000000
__Htext0                    text0        000000
__Htext1                    text1        000000
__Htext10                   text10       000000
__Htext11                   text11       000000
__Htext12                   text12       000000
__Htext13                   text13       000000
__Htext14                   text14       000000
__Htext16                   text16       000000
__Htext2                    text2        000000
__Htext3                    text3        000000
__Htext4                    text4        000000
__Htext5                    text5        000000
__Htext6                    text6        000000
__Htext7                    text7        000000
__Htext8                    text8        000000
__Htext9                    text9        000000
__LRAM                      (abs)        000001
__L__absolute__             __absolute__ 000000
__Labs1                     abs1         000000
__Lbank0                    bank0        000000
__Lbank1                    bank1        000000
__Lbigbss                   bigbss       000000
__Lbigdata                  bigdata      000000
__Lbigram                   bigram       000000
__Lbigsfr                   bigsfr       000000
__Lbss                      bss          000000
__LbssCOMRAM                bssCOMRAM    000000
__Lcinit                    cinit        000000
__Lclrtext                  clrtext      000000
__Lcomram                   comram       000000
__Lconfig                   config       000000
__Lconst                    const        000000
__LcstackCOMRAM             cstackCOMRAM 000000
__Ldata                     data         000000
__Leeprom_data              eeprom_data  000000
__Lfarbss                   farbss       000000
__Lfardata                  fardata      000000
__Lheap                     heap         000000
__Libigdata                 ibigdata     000000
__Lidata                    idata        000000
__Lidloc                    idloc        000000
__Lifardata                 ifardata     000000
__Linit                     init         0000B0
__Lintcode                  intcode      000008
__Lintcode_body             intcode_body 000000
__Lintcodelo                intcodelo    0000B0
__Lintentry                 intentry     000000
__Lintret                   intret       000000
__Lintsave_regs             intsave_regs 000000
__Lirdata                   irdata       000000
__Lmediumconst              mediumconst  000000
__LnvFARRAM                 nvFARRAM     000000
__Lnvbit                    nvbit        000000
__Lnvrram                   nvrram       000000
__Lparam                    rparam       000000
__Lpowerup                  powerup      0000B0
__Lram                      ram          000000
__Lramtop                   ramtop       000200
__Lrbit                     rbit         000000
__Lrbss                     rbss         000000
__Lrdata                    rdata        000000
__Lreset_vec                reset_vec    000000
__Lrparam                   rparam       000000
__Lsfr                      sfr          000000
__Lsmallconst               smallconst   000200
__Lspace_0                  (abs)        000000
__Lspace_1                  (abs)        000000
__Lspace_2                  (abs)        000000
__Lspace_4                  (abs)        000000
__Lstack                    stack        000000
__Lstruct                   struct       000000
__Ltemp                     temp         000049
__Ltext                     text         000000
__Ltext0                    text0        000000
__Ltext1                    text1        000000
__Ltext10                   text10       000000
__Ltext11                   text11       000000
__Ltext12                   text12       000000
__Ltext13                   text13       000000
__Ltext14                   text14       000000
__Ltext16                   text16       000000
__Ltext2                    text2        000000
__Ltext3                    text3        000000
__Ltext4                    text4        000000
__Ltext5                    text5        000000
__Ltext6                    text6        000000
__Ltext7                    text7        000000
__Ltext8                    text8        000000
__Ltext9                    text9        000000
__S0                        (abs)        0008BA
__S1                        (abs)        00004A
__S4                        (abs)        000000
__S5                        (abs)        000000
___heap_hi                  (abs)        000000
___heap_lo                  (abs)        000000
___inthi_sp                 stack        000000
___inthi_stack_hi           stack        000000
___inthi_stack_lo           stack        000000
___intlo_sp                 stack        000000
___intlo_stack_hi           stack        000000
___intlo_stack_lo           stack        000000
___lmul                     text13       0006FA
___lmul@multiplicand        cstackCOMRAM 000016
___lmul@multiplier          cstackCOMRAM 000012
___lmul@product             cstackCOMRAM 00001A
___param_bank               (abs)        000000
___rparam_used              (abs)        000001
___sp                       stack        000000
___stack_hi                 stack        000000
___stack_lo                 stack        000000
__accesstop                 (abs)        000080
__activetblptr              (abs)        000002
__end_of_ISR                intcode      0000B0
__end_of___lmul             text13       000750
__end_of__initialization    cinit        000876
__end_of_delay              text12       0004D6
__end_of_i2c_data_tx        text11       0008B0
__end_of_i2c_start_and_addr text10       00089E
__end_of_i2c_stop           text9        0008BA
__end_of_keypad_array       smallconst   000211
__end_of_keypad_init        text14       00083E
__end_of_keypress           text16       00040A
__end_of_lcd_backspace      text5        0007D6
__end_of_lcd_char           text7        0007A0
__end_of_lcd_clear          text4        00069E
__end_of_lcd_command        text8        00063E
__end_of_lcd_init           text2        0005A0
__end_of_lcd_message        text6        0006FA
__end_of_lcd_move_cursor    text3        00080A
__end_of_main               text0        00032E
__end_of_system_init        text1        00086A
__initialization            cinit        00086A
__mediumconst               mediumconst  000000
__pbssCOMRAM                bssCOMRAM    000034
__pcinit                    cinit        00086A
__pcstackCOMRAM             cstackCOMRAM 000001
__pintcode                  intcode      000008
__psmallconst               smallconst   000200
__ptext0                    text0        00024E
__ptext1                    text1        00083E
__ptext10                   text10       000884
__ptext11                   text11       00089E
__ptext12                   text12       00040A
__ptext13                   text13       0006FA
__ptext14                   text14       00080A
__ptext16                   text16       00032E
__ptext2                    text2        0004D6
__ptext3                    text3        0007D6
__ptext4                    text4        00063E
__ptext5                    text5        0007A0
__ptext6                    text6        00069E
__ptext7                    text7        000750
__ptext8                    text8        0005A0
__ptext9                    text9        0008B0
__ramtop                    ramtop       000200
__smallconst                smallconst   000200
_delay                      text12       00040A
_i2c_data_tx                text11       00089E
_i2c_start_and_addr         text10       000884
_i2c_stop                   text9        0008B0
_key_value                  bssCOMRAM    00003E
_keypad_array               smallconst   000201
_keypad_init                text14       00080A
_keypress                   text16       00032E
_keys                       bssCOMRAM    00003F
_lcd_backspace              text5        0007A0
_lcd_char                   text7        000750
_lcd_clear                  text4        00063E
_lcd_command                text8        0005A0
_lcd_init                   text2        0004D6
_lcd_message                text6        00069E
_lcd_move_cursor            text3        0007D6
_main                       text0        00024E
_sent_message               bssCOMRAM    000034
_system_init                text1        00083E
btemp                       temp         000049
delay@milliseconds          cstackCOMRAM 00001E
delay@timer_value           cstackCOMRAM 000022
end_of_initialization       cinit        000876
i2c_data_tx@data            cstackCOMRAM 000012
i2c_start_and_addr@address  cstackCOMRAM 000012
int$flags                   temp         000049
intlevel0                   text         000000
intlevel1                   text         000000
intlevel2                   text         000000
intlevel3                   text         000000
isa$std                     (abs)        000001
isa$xinst                   (abs)        000000
keypress@col_key_press      cstackCOMRAM 000005
keypress@col_num            cstackCOMRAM 000006
keypress@current_row        cstackCOMRAM 000004
lcd_char@letter             cstackCOMRAM 00002B
lcd_command@data            cstackCOMRAM 000030
lcd_command@lt              cstackCOMRAM 00002A
lcd_command@rs              cstackCOMRAM 00002C
lcd_command@rw              cstackCOMRAM 00002B
lcd_message@message         cstackCOMRAM 00002C
lcd_move_cursor@line        cstackCOMRAM 000032
lcd_move_cursor@position    cstackCOMRAM 000031
stackhi                     (abs)        000000
stacklo                     (abs)        000000
start                       init         0000B0
start_initialization        cinit        00086A
ttemp5                      temp         00004A
ttemp6                      temp         00004D
ttemp7                      temp         000051
wtemp8                      temp         00004A


MODULE INFORMATION

Module		Function		Class		Link	Load	Size
shared
		__initialization		CODE           	086A	0000	12
		_keypad_array  		SMALLCONST     	0201	0000	16

shared estimated size: 28

main.c
		_lcd_command   		CODE           	05A0	0000	158
		_system_init   		CODE           	083E	0000	44
		_i2c_data_tx   		CODE           	089E	0000	18
		_delay         		CODE           	040A	0000	204
		_ISR           		CODE           	0008	0000	168
		_lcd_backspace 		CODE           	07A0	0000	54
		_main          		CODE           	024E	0000	224
		_lcd_char      		CODE           	0750	0000	80
		_lcd_message   		CODE           	069E	0000	92
		_lcd_clear     		CODE           	063E	0000	96
		_lcd_move_cursor		CODE           	07D6	0000	52
		_keypress      		CODE           	032E	0000	220
		_keypad_init   		CODE           	080A	0000	52
		_i2c_start_and_addr		CODE           	0884	0000	26
		_i2c_stop      		CODE           	08B0	0000	10
		_lcd_init      		CODE           	04D6	0000	202

main.c estimated size: 1700

F:\Program Files\MicroChip\XC8\v2.45\pic\sources\c99\common\Umul32.c
		___lmul        		CODE           	06FA	0000	86

F:\Program Files\MicroChip\XC8\v2.45\pic\sources\c99\common\Umul32.c estimated size: 86

