Microchip MPLAB XC8 Compiler V2.41

Linker command line:

-W-3 --edf=C:\Microchip\xc8\v2.41\pic\dat\20230208172133_en.msgs -cn \
  -h+dist/default/production\Coach_032224_1546.production.sym \
  --cmf=dist/default/production\Coach_032224_1546.production.cmf -z \
  -Q18F2221 -oC:\Users\bk8366\AppData\Local\Temp\xcAsf9s.\driver_tmp_3.o \
  --defsym=__MPLAB_BUILD=1 --fixupoverflow=error \
  -Mdist/default/production/Coach_032224_1546.production.map \
  --md=C:\Users\bk8366\AppData\Local\Temp\xcAsf9s.\driver_tmp_0.dat -E1 \
  -ver=XC8 Compiler --acfsm=1493 -ACODE=00h-0FFFh -ACONST=00h-0FFFh \
  -ASMALLCONST=0200h-02FFhx14 -AMEDIUMCONST=0200h-0FFFh -ACOMRAM=01h-07Fh \
  -AABS1=00h-01FFh -ABIGRAM=01h-01FFh -ARAM=080h-0FFh,0100h-01FFh \
  -ABANK0=080h-0FFh -ABANK1=0100h-01FFh -ASFR=0F80h-0FFFh \
  -ABIGSFR=0F80h-0FFFh -ACONFIG=0300000h-030000Dh -AIDLOC=0200000h-0200007h \
  -AEEDATA=0F00000h-0F000FFh -peeprom_data=EEDATA \
  -preset_vec=00h,intcode=08h,intcodelo,powerup,init -pramtop=0200h \
  -psmallconst=SMALLCONST -pmediumconst=MEDIUMCONST -pconst=CONST \
  -AFARRAM=00h-00h \
  -prdata=COMRAM,nvrram=COMRAM,nvbit=COMRAM,rbss=COMRAM,rbit=COMRAM \
  -pfarbss=FARRAM,fardata=FARRAM,nvFARRAM=FARRAM \
  -pintsave_regs=BIGRAM,bigbss=BIGRAM,bigdata=BIGRAM -pbss=RAM \
  -pidata=CODE,irdata=CODE,ibigdata=CODE,ifardata=CODE -prparam=COMRAM \
  C:\Users\bk8366\AppData\Local\Temp\xcAsf9s.\driver_tmp_9.o \
  dist/default/production\Coach_032224_1546.production.o 

Object code version is 3.11

Machine type is 18F2221



                Name                               Link     Load   Length Selector   Space Scale
C:\Users\bk8366\AppData\Local\Temp\xcAsf9s.\driver_tmp_9.o
                config                           300000   300000        E        0       4
                init                                 D8       D8        4        4       0
                reset_vec                             0        0        4        0       0
dist/default/production\Coach_032224_1546.production.o
                intcode                               8        8       D0        4       0
                config                           300000   300000        E        0       4
                temp                                 49       49        1        1       1
                smallconst                          200      200       2C      100       0
                text20                              3FE      3FE       DC      116       0
                text18                              96A      96A       30      116       0
                text17                              7E8      7E8       56      116       0
                text16                              4DA      4DA       CC      116       0
                text15                              A22      A22       12      116       0
                text14                              A08      A08       1A      116       0
                text13                              A34      A34        A      116       0
                text12                              5A6      5A6       9E      116       0
                text11                              83E      83E       50      116       0
                text10                              78C      78C       5C      116       0
                text9                               900      900       36      116       0
                text8                               72C      72C       60      116       0
                text7                               936      936       34      116       0
                text6                               6B8      6B8       74      116       0
                text5                               8C8      8C8       38      116       0
                text4                               9C4      9C4       2A      116       0
                text3                               99A      99A       2A      116       0
                text2                               644      644       74      116       0
                text1                               88E      88E       3A      116       0
                text0                               22C      22C      1D2      116       0
                cstackCOMRAM                          1        1       3B        1       1
                bssCOMRAM                            3C       3C        D        1       1
                cinit                               9EE      9EE       1A      116       0

TOTAL           Name                               Link     Load   Length     Space
        CLASS   CODE           
                intcode                               8        8       D0         0
                init                                 D8       D8        4         0
                reset_vec                             0        0        4         0
                text20                              3FE      3FE       DC         0
                text18                              96A      96A       30         0
                text17                              7E8      7E8       56         0
                text16                              4DA      4DA       CC         0
                text15                              A22      A22       12         0
                text14                              A08      A08       1A         0
                text13                              A34      A34        A         0
                text12                              5A6      5A6       9E         0
                text11                              83E      83E       50         0
                text10                              78C      78C       5C         0
                text9                               900      900       36         0
                text8                               72C      72C       60         0
                text7                               936      936       34         0
                text6                               6B8      6B8       74         0
                text5                               8C8      8C8       38         0
                text4                               9C4      9C4       2A         0
                text3                               99A      99A       2A         0
                text2                               644      644       74         0
                text1                               88E      88E       3A         0
                text0                               22C      22C      1D2         0
                cinit                               9EE      9EE       1A         0

        CLASS   CONST          

        CLASS   SMALLCONST     
                smallconst                          200      200       2C         0

        CLASS   MEDIUMCONST    

        CLASS   COMRAM         
                temp                                 49       49        1         1
                cstackCOMRAM                          1        1       3B         1
                bssCOMRAM                            3C       3C        D         1

        CLASS   ABS1           

        CLASS   BIGRAM         

        CLASS   RAM            

        CLASS   BANK0          

        CLASS   BANK1          

        CLASS   SFR            

        CLASS   BIGSFR         

        CLASS   CONFIG         
                config                           300000   300000        E         4

        CLASS   IDLOC          

        CLASS   EEDATA         

        CLASS   FARRAM         

        CLASS   HEAP           

        CLASS   STACK          



SEGMENTS        Name                           Load    Length   Top    Selector   Space  Class

                reset_vec                      000000  000004  000004         0       0  CODE    
                cstackCOMRAM                   000001  000049  00004A         1       1  COMRAM  
                intcode                        000008  0000D4  0000DC         4       0  CODE    
                smallconst                     000200  00002C  00022C       100       0  SMALLCON
                text0                          00022C  000812  000A3E       116       0  CODE    


UNUSED ADDRESS RANGES

        Name                Unused          Largest block    Delta
        BANK0            000080-0000FF               80
        BANK1            000100-0001FF              100
        BIGRAM           00004A-0001FF              1B6
        BIGSFR           000F80-000FFF               80
        CODE             000004-000007                4
                         0000DC-0001FF              124
                         000A3E-000FFF              5C2
        COMRAM           00004A-00007F               36
        CONST            000004-000007                4
                         0000DC-0001FF              124
                         000A3E-000FFF              5C2
        EEDATA           F00000-F000FF              100
        IDLOC            200000-200007                8
        MEDIUMCONST      000A3E-000FFF              5C2
        RAM              000080-0001FF               80
        SFR              000F80-000FFF               80
        SMALLCONST       000A3E-000FFF              100

                                  Symbol Table

?___lmul                       cstackCOMRAM 000012
ISR@current_row                cstackCOMRAM 000010
ISR@is_key_pressed             cstackCOMRAM 000011
_ADCON1bits                    (abs)        000FC1
_INTCON2bits                   (abs)        000FF1
_INTCONbits                    (abs)        000FF2
_ISR                           intcode      000008
_LATA                          (abs)        000F89
_LATB                          (abs)        000F8A
_LATCbits                      (abs)        000F8B
_OSCCONbits                    (abs)        000FD3
_OSCTUNEbits                   (abs)        000F9B
_PIE1bits                      (abs)        000F9D
_PIE2bits                      (abs)        000FA0
_PIR1bits                      (abs)        000F9E
_PIR2bits                      (abs)        000FA1
_PORTB                         (abs)        000F81
_RCONbits                      (abs)        000FD0
_SSPADD                        (abs)        000FC8
_SSPBUF                        (abs)        000FC9
_SSPCON1bits                   (abs)        000FC6
_SSPCON2bits                   (abs)        000FC5
_SSPSTATbits                   (abs)        000FC7
_T0CON                         (abs)        000FD5
_T0CONbits                     (abs)        000FD5
_T1CON                         (abs)        000FCD
_T1CONbits                     (abs)        000FCD
_T3CON                         (abs)        000FB1
_T3CONbits                     (abs)        000FB1
_TMR0H                         (abs)        000FD7
_TMR0L                         (abs)        000FD6
_TMR1H                         (abs)        000FCF
_TMR1L                         (abs)        000FCE
_TMR3H                         (abs)        000FB3
_TMR3L                         (abs)        000FB2
_TRISA                         (abs)        000F92
_TRISB                         (abs)        000F93
_TRISCbits                     (abs)        000F94
__HRAM                         (abs)        000000
__H__absolute__                __absolute__ 000000
__Habs1                        abs1         000000
__Hbank0                       bank0        000000
__Hbank1                       bank1        000000
__Hbigbss                      bigbss       000000
__Hbigdata                     bigdata      000000
__Hbigram                      bigram       000000
__Hbigsfr                      bigsfr       000000
__Hbss                         bss          000000
__HbssCOMRAM                   bssCOMRAM    000000
__Hcinit                       cinit        000000
__Hclrtext                     clrtext      000000
__Hcomram                      comram       000000
__Hconfig                      config       30000E
__Hconst                       const        000000
__HcstackCOMRAM                cstackCOMRAM 000000
__Hdata                        data         000000
__Heeprom_data                 eeprom_data  000000
__Hfarbss                      farbss       000000
__Hfardata                     fardata      000000
__Hheap                        heap         000000
__Hibigdata                    ibigdata     000000
__Hidata                       idata        000000
__Hidloc                       idloc        000000
__Hifardata                    ifardata     000000
__Hinit                        init         0000DC
__Hintcode                     intcode      0000D8
__Hintcode_body                intcode_body 000000
__Hintcodelo                   intcodelo    0000D8
__Hintentry                    intentry     000000
__Hintret                      intret       000000
__Hintsave_regs                intsave_regs 000000
__Hirdata                      irdata       000000
__Hmediumconst                 mediumconst  000000
__HnvFARRAM                    nvFARRAM     000000
__Hnvbit                       nvbit        000000
__Hnvrram                      nvrram       000000
__Hparam                       rparam       000000
__Hpowerup                     powerup      0000D8
__Hram                         ram          000000
__Hramtop                      ramtop       000200
__Hrbit                        rbit         000000
__Hrbss                        rbss         000000
__Hrdata                       rdata        000000
__Hreset_vec                   reset_vec    000004
__Hrparam                      rparam       000000
__Hsfr                         sfr          000000
__Hsmallconst                  smallconst   00022C
__Hspace_0                     (abs)        000A3E
__Hspace_1                     (abs)        00004A
__Hspace_2                     (abs)        000000
__Hspace_4                     (abs)        60000E
__Hstack                       stack        000000
__Hstruct                      struct       000000
__Htemp                        temp         00004A
__Htext                        text         000000
__Htext0                       text0        000000
__Htext1                       text1        000000
__Htext10                      text10       000000
__Htext11                      text11       000000
__Htext12                      text12       000000
__Htext13                      text13       000000
__Htext14                      text14       000000
__Htext15                      text15       000000
__Htext16                      text16       000000
__Htext17                      text17       000000
__Htext18                      text18       000000
__Htext2                       text2        000000
__Htext20                      text20       000000
__Htext3                       text3        000000
__Htext4                       text4        000000
__Htext5                       text5        000000
__Htext6                       text6        000000
__Htext7                       text7        000000
__Htext8                       text8        000000
__Htext9                       text9        000000
__LRAM                         (abs)        000001
__L__absolute__                __absolute__ 000000
__Labs1                        abs1         000000
__Lbank0                       bank0        000000
__Lbank1                       bank1        000000
__Lbigbss                      bigbss       000000
__Lbigdata                     bigdata      000000
__Lbigram                      bigram       000000
__Lbigsfr                      bigsfr       000000
__Lbss                         bss          000000
__LbssCOMRAM                   bssCOMRAM    000000
__Lcinit                       cinit        000000
__Lclrtext                     clrtext      000000
__Lcomram                      comram       000000
__Lconfig                      config       000000
__Lconst                       const        000000
__LcstackCOMRAM                cstackCOMRAM 000000
__Ldata                        data         000000
__Leeprom_data                 eeprom_data  000000
__Lfarbss                      farbss       000000
__Lfardata                     fardata      000000
__Lheap                        heap         000000
__Libigdata                    ibigdata     000000
__Lidata                       idata        000000
__Lidloc                       idloc        000000
__Lifardata                    ifardata     000000
__Linit                        init         0000D8
__Lintcode                     intcode      000008
__Lintcode_body                intcode_body 000000
__Lintcodelo                   intcodelo    0000D8
__Lintentry                    intentry     000000
__Lintret                      intret       000000
__Lintsave_regs                intsave_regs 000000
__Lirdata                      irdata       000000
__Lmediumconst                 mediumconst  000000
__LnvFARRAM                    nvFARRAM     000000
__Lnvbit                       nvbit        000000
__Lnvrram                      nvrram       000000
__Lparam                       rparam       000000
__Lpowerup                     powerup      0000D8
__Lram                         ram          000000
__Lramtop                      ramtop       000200
__Lrbit                        rbit         000000
__Lrbss                        rbss         000000
__Lrdata                       rdata        000000
__Lreset_vec                   reset_vec    000000
__Lrparam                      rparam       000000
__Lsfr                         sfr          000000
__Lsmallconst                  smallconst   000200
__Lspace_0                     (abs)        000000
__Lspace_1                     (abs)        000000
__Lspace_2                     (abs)        000000
__Lspace_4                     (abs)        000000
__Lstack                       stack        000000
__Lstruct                      struct       000000
__Ltemp                        temp         000049
__Ltext                        text         000000
__Ltext0                       text0        000000
__Ltext1                       text1        000000
__Ltext10                      text10       000000
__Ltext11                      text11       000000
__Ltext12                      text12       000000
__Ltext13                      text13       000000
__Ltext14                      text14       000000
__Ltext15                      text15       000000
__Ltext16                      text16       000000
__Ltext17                      text17       000000
__Ltext18                      text18       000000
__Ltext2                       text2        000000
__Ltext20                      text20       000000
__Ltext3                       text3        000000
__Ltext4                       text4        000000
__Ltext5                       text5        000000
__Ltext6                       text6        000000
__Ltext7                       text7        000000
__Ltext8                       text8        000000
__Ltext9                       text9        000000
__S0                           (abs)        000A3E
__S1                           (abs)        00004A
__S4                           (abs)        000000
__S5                           (abs)        000000
___heap_hi                     (abs)        000000
___heap_lo                     (abs)        000000
___inthi_sp                    stack        000000
___intlo_sp                    stack        000000
___lmul                        text17       0007E8
___lmul@multiplicand           cstackCOMRAM 000016
___lmul@multiplier             cstackCOMRAM 000012
___lmul@product                cstackCOMRAM 00001A
___param_bank                  (abs)        000000
___rparam_used                 (abs)        000001
___sp                          stack        000000
__accesstop                    (abs)        000080
__activetblptr                 (abs)        000002
__end_of_ISR                   intcode      0000D8
__end_of___lmul                text17       00083E
__end_of__initialization       cinit        0009FA
__end_of_delay                 text16       0005A6
__end_of_i2c_data_tx           text15       000A34
__end_of_i2c_start_and_addr    text14       000A22
__end_of_i2c_stop              text13       000A3E
__end_of_keypad_array          smallconst   000211
__end_of_keypad_init           text18       00099A
__end_of_keypress              text20       0004DA
__end_of_lcd_backspace         text9        000936
__end_of_lcd_char              text11       00088E
__end_of_lcd_clear             text8        00078C
__end_of_lcd_command           text12       000644
__end_of_lcd_init              text6        00072C
__end_of_lcd_message           text10       0007E8
__end_of_lcd_move_cursor       text7        00096A
__end_of_main                  text0        0003FE
__end_of_packet_interim_amble  text4        0009EE
__end_of_packet_pre_post_amble text3        0009C4
__end_of_send                  text5        000900
__end_of_send_message          text2        0006B8
__end_of_system_init           text1        0008C8
__initialization               cinit        0009EE
__mediumconst                  mediumconst  000000
__pbssCOMRAM                   bssCOMRAM    00003C
__pcinit                       cinit        0009EE
__pcstackCOMRAM                cstackCOMRAM 000001
__pintcode                     intcode      000008
__psmallconst                  smallconst   000200
__ptext0                       text0        00022C
__ptext1                       text1        00088E
__ptext10                      text10       00078C
__ptext11                      text11       00083E
__ptext12                      text12       0005A6
__ptext13                      text13       000A34
__ptext14                      text14       000A08
__ptext15                      text15       000A22
__ptext16                      text16       0004DA
__ptext17                      text17       0007E8
__ptext18                      text18       00096A
__ptext2                       text2        000644
__ptext20                      text20       0003FE
__ptext3                       text3        00099A
__ptext4                       text4        0009C4
__ptext5                       text5        0008C8
__ptext6                       text6        0006B8
__ptext7                       text7        000936
__ptext8                       text8        00072C
__ptext9                       text9        000900
__ramtop                       ramtop       000200
__smallconst                   smallconst   000200
_delay                         text16       0004DA
_i2c_data_tx                   text15       000A22
_i2c_start_and_addr            text14       000A08
_i2c_stop                      text13       000A34
_key_pressed                   bssCOMRAM    00003C
_keypad_array                  smallconst   000201
_keypad_init                   text18       00096A
_keypress                      text20       0003FE
_keys                          bssCOMRAM    00003E
_lcd_backspace                 text9        000900
_lcd_char                      text11       00083E
_lcd_clear                     text8        00072C
_lcd_command                   text12       0005A6
_lcd_init                      text6        0006B8
_lcd_message                   text10       00078C
_lcd_move_cursor               text7        000936
_main                          text0        00022C
_message_length                bssCOMRAM    00003D
_packet_interim_amble          text4        0009C4
_packet_pre_post_amble         text3        00099A
_send                          text5        0008C8
_send_message                  text2        000644
_system_init                   text1        00088E
btemp                          temp         000049
delay@milliseconds             cstackCOMRAM 00001E
delay@timer_value              cstackCOMRAM 000022
end_of_initialization          cinit        0009FA
i2c_data_tx@data               cstackCOMRAM 000012
i2c_start_and_addr@address     cstackCOMRAM 000012
int$flags                      temp         000049
intlevel0                      text         000000
intlevel1                      text         000000
intlevel2                      text         000000
intlevel3                      text         000000
isa$std                        (abs)        000001
isa$xinst                      (abs)        000000
keypress@col_key_press         cstackCOMRAM 000005
keypress@col_num               cstackCOMRAM 000006
keypress@current_row           cstackCOMRAM 000004
lcd_char@letter                cstackCOMRAM 00002B
lcd_command@data               cstackCOMRAM 000030
lcd_command@lt                 cstackCOMRAM 00002A
lcd_command@rs                 cstackCOMRAM 00002C
lcd_command@rw                 cstackCOMRAM 00002B
lcd_message@message            cstackCOMRAM 00002C
lcd_move_cursor@line           cstackCOMRAM 000032
lcd_move_cursor@position       cstackCOMRAM 000031
main@i                         cstackCOMRAM 000036
main@i_896                     cstackCOMRAM 00003A
main@i_898                     cstackCOMRAM 000038
packet_interim_amble@i         cstackCOMRAM 00002B
packet_pre_post_amble@i        cstackCOMRAM 00002B
send@data                      cstackCOMRAM 00002A
send_message@i                 cstackCOMRAM 000030
send_message@j                 cstackCOMRAM 00002E
stackhi                        (abs)        000000
stacklo                        (abs)        000000
start                          init         0000D8
start_initialization           cinit        0009EE
ttemp5                         temp         00004A
ttemp6                         temp         00004D
ttemp7                         temp         000051
wtemp8                         temp         00004A


MODULE INFORMATION

Module		Function		Class		Link	Load	Size
C:\Microchip\xc8\v2.41\pic\sources\c99\common\Umul32.c
		___lmul        		CODE           	07E8	0000	86

C:\Microchip\xc8\v2.41\pic\sources\c99\common\Umul32.c estimated size: 86

shared
		__initialization		CODE           	09EE	0000	12
		_keypad_array  		SMALLCONST     	0201	0000	16

shared estimated size: 28

main.c
		_lcd_command   		CODE           	05A6	0000	158
		_system_init   		CODE           	088E	0000	58
		_i2c_data_tx   		CODE           	0A22	0000	18
		_delay         		CODE           	04DA	0000	204
		_packet_interim_amble		CODE           	09C4	0000	42
		_ISR           		CODE           	0008	0000	208
		_send_message  		CODE           	0644	0000	116
		_lcd_backspace 		CODE           	0900	0000	54
		_main          		CODE           	022C	0000	466
		_lcd_char      		CODE           	083E	0000	80
		_lcd_message   		CODE           	078C	0000	92
		_lcd_clear     		CODE           	072C	0000	96
		_lcd_move_cursor		CODE           	0936	0000	52
		_keypress      		CODE           	03FE	0000	220
		_keypad_init   		CODE           	096A	0000	48
		_i2c_start_and_addr		CODE           	0A08	0000	26
		_i2c_stop      		CODE           	0A34	0000	10
		_send          		CODE           	08C8	0000	56
		_packet_pre_post_amble		CODE           	099A	0000	42
		_lcd_init      		CODE           	06B8	0000	116

main.c estimated size: 2162

